// Jest Snapshot v1, https://goo.gl/fbAQLP

exports[`components/BrowseList should match snapshot 1`] = `
Array [
  <div
    className="jsx-3971180074 "
  >
    <button
      className="jsx-67710159 jsx-4255320455 "
      disabled={false}
      onClick={[Function]}
      style={
        Object {
          "padding": ".5rem",
        }
      }
    >
      0 - 1
    </button>
    <button
      className="jsx-67710159 jsx-4255320455 "
      disabled={false}
      onClick={[Function]}
      style={
        Object {
          "padding": ".5rem",
        }
      }
    >
      A
    </button>
    <button
      className="jsx-67710159 jsx-4255320455 "
      disabled={false}
      onClick={[Function]}
      style={
        Object {
          "padding": ".5rem",
        }
      }
    >
      B
    </button>
    <button
      className="jsx-67710159 jsx-4255320455 "
      disabled={false}
      onClick={[Function]}
      style={
        Object {
          "padding": ".5rem",
        }
      }
    >
      C
    </button>
    <button
      className="jsx-67710159 jsx-4255320455 "
      disabled={false}
      onClick={[Function]}
      style={
        Object {
          "padding": ".5rem",
        }
      }
    >
      D
    </button>
    <button
      className="jsx-67710159 jsx-4255320455 "
      disabled={false}
      onClick={[Function]}
      style={
        Object {
          "padding": ".5rem",
        }
      }
    >
      E
    </button>
    <button
      className="jsx-67710159 jsx-4255320455 "
      disabled={false}
      onClick={[Function]}
      style={
        Object {
          "padding": ".5rem",
        }
      }
    >
      F
    </button>
    <button
      className="jsx-67710159 jsx-4255320455 "
      disabled={false}
      onClick={[Function]}
      style={
        Object {
          "padding": ".5rem",
        }
      }
    >
      G
    </button>
    <button
      className="jsx-67710159 jsx-4255320455 "
      disabled={false}
      onClick={[Function]}
      style={
        Object {
          "padding": ".5rem",
        }
      }
    >
      H
    </button>
    <button
      className="jsx-67710159 jsx-4255320455 "
      disabled={false}
      onClick={[Function]}
      style={
        Object {
          "padding": ".5rem",
        }
      }
    >
      I
    </button>
    <button
      className="jsx-67710159 jsx-4255320455 "
      disabled={false}
      onClick={[Function]}
      style={
        Object {
          "padding": ".5rem",
        }
      }
    >
      J
    </button>
    <button
      className="jsx-67710159 jsx-4255320455 "
      disabled={false}
      onClick={[Function]}
      style={
        Object {
          "padding": ".5rem",
        }
      }
    >
      K
    </button>
    <button
      className="jsx-67710159 jsx-4255320455 "
      disabled={false}
      onClick={[Function]}
      style={
        Object {
          "padding": ".5rem",
        }
      }
    >
      L
    </button>
    <button
      className="jsx-67710159 jsx-4255320455 "
      disabled={false}
      onClick={[Function]}
      style={
        Object {
          "padding": ".5rem",
        }
      }
    >
      M
    </button>
    <button
      className="jsx-67710159 jsx-4255320455 "
      disabled={false}
      onClick={[Function]}
      style={
        Object {
          "padding": ".5rem",
        }
      }
    >
      N
    </button>
    <button
      className="jsx-67710159 jsx-4255320455 "
      disabled={false}
      onClick={[Function]}
      style={
        Object {
          "padding": ".5rem",
        }
      }
    >
      O
    </button>
    <button
      className="jsx-67710159 jsx-4255320455 "
      disabled={false}
      onClick={[Function]}
      style={
        Object {
          "padding": ".5rem",
        }
      }
    >
      P
    </button>
    <button
      className="jsx-67710159 jsx-4255320455 "
      disabled={false}
      onClick={[Function]}
      style={
        Object {
          "padding": ".5rem",
        }
      }
    >
      Q
    </button>
    <button
      className="jsx-67710159 jsx-4255320455 "
      disabled={false}
      onClick={[Function]}
      style={
        Object {
          "padding": ".5rem",
        }
      }
    >
      R
    </button>
    <button
      className="jsx-67710159 jsx-4255320455 "
      disabled={false}
      onClick={[Function]}
      style={
        Object {
          "padding": ".5rem",
        }
      }
    >
      S
    </button>
    <button
      className="jsx-67710159 jsx-4255320455 "
      disabled={false}
      onClick={[Function]}
      style={
        Object {
          "padding": ".5rem",
        }
      }
    >
      T
    </button>
    <button
      className="jsx-67710159 jsx-4255320455 "
      disabled={false}
      onClick={[Function]}
      style={
        Object {
          "padding": ".5rem",
        }
      }
    >
      U
    </button>
    <button
      className="jsx-67710159 jsx-4255320455 "
      disabled={false}
      onClick={[Function]}
      style={
        Object {
          "padding": ".5rem",
        }
      }
    >
      V
    </button>
    <button
      className="jsx-67710159 jsx-4255320455 "
      disabled={false}
      onClick={[Function]}
      style={
        Object {
          "padding": ".5rem",
        }
      }
    >
      W
    </button>
    <button
      className="jsx-67710159 jsx-4255320455 "
      disabled={false}
      onClick={[Function]}
      style={
        Object {
          "padding": ".5rem",
        }
      }
    >
      X
    </button>
    <button
      className="jsx-67710159 jsx-4255320455 "
      disabled={false}
      onClick={[Function]}
      style={
        Object {
          "padding": ".5rem",
        }
      }
    >
      Y
    </button>
    <button
      className="jsx-67710159 jsx-4255320455 "
      disabled={false}
      onClick={[Function]}
      style={
        Object {
          "padding": ".5rem",
        }
      }
    >
      Z
    </button>
  </div>,
  <div
    className="jsx-3649670468 container"
  >
    <div
      className="jsx-3649670468 loader"
    >
      <div
        className="jsx-791847780 jsx-2291006144 bar"
      />
      <div
        className="jsx-791847780 jsx-3500035231 bar"
      />
      <div
        className="jsx-791847780 jsx-1901401244 bar"
      />
      <div
        className="jsx-791847780 jsx-40336921 bar"
      />
      <div
        className="jsx-791847780 jsx-3370661658 bar"
      />
    </div>
    <div
      className="jsx-4247411757 jsx-3754337244"
      style={Object {}}
    >
      LOADING...
    </div>
  </div>,
  <div
    className="jsx-2366590580"
  >
    <button
      className="jsx-67710159 jsx-3220588738 "
      disabled={true}
      onClick={[Function]}
    >
      ↞ Prev
    </button>
    <button
      className="jsx-67710159 jsx-4255320455 "
      disabled={false}
      onClick={[Function]}
    >
      1 of 1
    </button>
    <button
      className="jsx-67710159 jsx-3220588738 "
      disabled={true}
      onClick={[Function]}
    >
      Next ↠
    </button>
  </div>,
]
`;
