// Jest Snapshot v1, https://goo.gl/fbAQLP

exports[`components/HomeSongsList should match snapshot 1`] = `
<div
  className="jsx-1057316989 container"
>
  <div
    className="jsx-1057316989 loader"
  >
    <div
      className="jsx-2763792101 jsx-3891026477 bar"
    />
    <div
      className="jsx-2763792101 jsx-1900015026 bar"
    />
    <div
      className="jsx-2763792101 jsx-2551557105 bar"
    />
    <div
      className="jsx-2763792101 jsx-2892672692 bar"
    />
    <div
      className="jsx-2763792101 jsx-216973047 bar"
    />
  </div>
  <div
    className="jsx-4247411757 jsx-3754337244"
    style={Object {}}
  >
    LOADING...
  </div>
</div>
`;
