// Jest Snapshot v1, https://goo.gl/fbAQLP

exports[`components/HeaderBar.js should match Headerbar Snapshot 1`] = `
<div
  className="jsx-3186897990"
>
  <span
    className="jsx-3186897990"
  >
    fivefrets
  </span>
</div>
`;
